
//  Track spacing:
//  1 X-track = 8000 grids = 8 microns.
//  1 Y-track = 8000 grids = 8 microns.

//  Site-type-specific data (mic):
//  Maximum site type = 2
//  Tp#   Insts   TotWd  UnplWd    Xdim    Rows     LoY     HiY   Class
//   1      5      528     528       0       2       0     120     INT
//   2      5       40      40    1768       4      -3       3     EXT
//  All    10

//  Gaps between internal zone and external rows (mic):
//  Left = 108.0, Right = 108.0, Top = 0.0, Bottom = 0.0

//  Row/dimension constraints:
//   Minimum # of rows = 0
//   Minimum x dimension, mic = 192.0
//   Minimum y dimension, mic = 0.0
//   Max chip width, mic = 1.0
//   Max chip height, mic = 1.0

//  Internal zone parameters:
//   Total internal (cell + macro + chan) area, mic^2 = 76032.0
//   Internal (std. cell + chan) area, mic^2 = 76032.0
//   Total large macro area, mic^2 = 0.0
//   Number of internal rows = 2
//   Internal routing/cell area ratio = 22// % (auto-computed)
//   Avg. instance height, mic = 120.0
//   Avg. channel height, mic = 24.0
//   Avg. row height rounded to tracks, mic = 144.0
//   Total connections (pins - nets) = 30
//   Internal zone area, mic^2 = 109792.0
//   Internal zone width, mic = 376.0
//   Internal zone height, mic = 292.0
//   Aspect ratio = 1.79
//   Specified lower aspect ratio = 0.5
//   Specified upper aspect ratio = 1.5

//  External zone parameters:
//   External area (cell only), mic^2 = 200.0
//   External row widths (mic):
//   Left, Right = 296.0, Top, Bottom = 592.0
//   Generate all four external rows.

//  Row bounds (mic):
//   External rows:
//   Row      Stp  Occup     LoX     HiX     LoY     HiY    OrgX    OrgY
//  Bottom     2       0      40     632       0       8      40       2
//  Left       2       0       0       8      40     336       6      40
//  Right      2       0     664     672      40     336     667      40
//  Top        2       0      40     632     368     376      40     371
//   1         1       0     152     528      64     184     152      64
//   2         1       0     152     528     208     328     152     208

//  Overall chip dimensions:
//   Chip X-dimension, mic: 672.0
//   Chip Y-dimension, mic: 376.0

//  Preplacement info:
//   Row = 1, site type =  1:
//   Row = 2, site type =  1:
//   Row = 0, site type =  2:
//   Row = 0, site type =  2:
//   Row = 0, site type =  2:
//   Row = 0, site type =  2:

//  Row occupancy info:
//   Row  1:
//   Row  2:
//   Row  3:
//   Row  4:
//   Row  5:
//   Row  6:
