
STANDARD CELL PLACER run at 02:28:50 on 05/08/19.


$autoplace_standard_cells(@improve, @bal, 0, 0.000000) 


Iteration:  3200, wire length: 21292  (T= 2.56) 
Iteration:  3300, wire length: 20801  (T= 2.56)
Iteration:  3320, wire length: 20816  (T= 2.33) 
Iteration:  3360, wire length: 20760  (T= 2.12) 
Iteration:  3400, wire length: 20735  (T= 2.12)
Iteration:  3500, wire length: 20699  (T= 2.12)
Iteration:  3560, wire length: 20702  (T= 1.75) 
Iteration:  3600, wire length: 20695  (T= 1.75)
Iteration:  3660, wire length: 20710  (T= 1.45) 
Iteration:  3700, wire length: 20686  (T= 1.45)
Iteration:  3760, wire length: 20696  (T= 1.32) 
Iteration:  3800, wire length: 20680  (T= 1.32)
Iteration:  3840, wire length: 20686  (T= 1.09) 
Iteration:  3900, wire length: 20679  (T= 1.09)
Iteration:  3920, wire length: 20693  (T= 1.00) 
Iteration:  4000, wire length: 20276  (T= 1.00)
Iteration:  4100, wire length: 20226  (T= 1.00)
Iteration:  4180, wire length: 20200  (T= 0.91) 
Iteration:  4200, wire length: 20195  (T= 0.91)
Iteration:  4260, wire length: 20162  (T= 0.82) 
Iteration:  4300, wire length: 20168  (T= 0.82)
Iteration:  4360, wire length: 20165  (T= 0.68) 
Iteration:  4400, wire length: 20157  (T= 0.68)
Iteration:  4440, wire length: 20156  (T= 0.62) 
Iteration:  4500, wire length: 20156  (T= 0.62)
Iteration:  4580, wire length: 20143  (T= 0.51) 
Iteration:  4600, wire length: 20142  (T= 0.51)
Iteration:  4640, wire length: 20142  (T= 0.47) 
Iteration:  4680, wire length: 20143  (T= 0.43) 
Iteration:  4700, wire length: 20142  (T= 0.43)
Iteration:  4800, wire length: 20140  (T= 0.43)
Iteration:  4840, wire length: 20140  (T= 0.35) 
Iteration:  4900, wire length: 20140  (T= 0.35)
Iteration:  4960, wire length: 20139  (T= 0.29) 
Iteration:  5000, wire length: 20139  (T= 0.29)
Iteration:  5040, wire length: 20139  (T= 0.24) 
Iteration:  5080, wire length: 20139  (T= 0.22) 
Iteration:  5100, wire length: 20139  (T= 0.22)
Iteration:  5120, wire length: 20139  (T= 0.20) 
Iteration:  5160, wire length: 20139  (T= 0.18) 
Iteration:  5200, wire length: 20139  (T= 0.18)

Final iteration: 5240, wire length: 19770  (T= 0.00) 

Detailed placement: CPU seconds: 0, Wall Core_clock seconds: 1
