//Started logic loading in the template : ChipMultiplier for the viewpoint $HOME/VLSI-2/Project/new/Decoder/schem/ChipMultiplier/layout

// Started hierarchical conversion ...
// Intermediate viewpoint(s) will be created in dir : /afs/cad/u/j/p/jpw33/VLSI-2/Project/new/Decoder/layout 
// Processing Cell : aoi22 ... 
// Processing Cell : oai22 ... 
// Processing Cell : oai22 ... 
// Processing Cell : oai22 ... 
// Processing Cell : aoi221 ... 
// Processing Cell : aoi33 ... 
// Processing Cell : NAND02 ... 
// Processing Cell : NAND02 ... 
// Processing Cell : NAND02 ... 
// Processing Cell : NAND02 ... 
// Processing Cell : NAND02 ... 
// Processing Cell : NAND02 ... 
// Processing Cell : NAND02 ... 
// Processing Cell : NAND02 ... 
// Processing Cell : aoi221 ... 
// Processing Cell : aoi33 ... 
// Processing Cell : INV01 ... 
// Processing Cell : INV01 ... 
// Processing Cell : INV01 ... 
// Processing Cell : INV01 ... 
// Processing Cell : INV01 ... 
// Processing Cell : INV01 ... 
// Processing Cell : INV01 ... 
// Processing Cell : INV01 ... 
// Processing Cell : INV01 ... 
// Processing Cell : INV01 ... 
// Processing Cell : INV01 ... 
// Processing Cell : INV01 ... 
// Processing Cell : INV01 ... 
// Processing Cell : INV01 ... 
// Processing Cell : oai21 ... 
// Processing Cell : oai21 ... 
// Processing Cell : oai21 ... 
// Processing Cell : NAND02 ... 
// Processing Cell : NAND02 ... 
// Processing Cell : NAND02 ... 
// Processing Cell : NAND02 ... 
// Processing Cell : NAND02 ... 
// Processing Cell : nor02 ... 
// Processing Cell : nor02 ... 
// Processing Cell : nor02 ... 
// Processing Cell : nor02 ... 
// Processing Cell : nor02 ... 
// Processing Cell : nor02 ... 
// Processing Cell : nor02 ... 
// Processing Cell : nor02 ... 
// Processing Cell : nor02 ... 
// Processing Cell : NAND03 ... 
// Processing Cell : NAND03 ... 
// Processing Cell : NAND03 ... 
// Processing Cell : NAND03 ... 
// Processing Cell : NAND03 ... 
// Processing Cell : NAND03 ... 
// Processing Cell : NAND03 ... 
// Processing Cell : NAND03 ... 
// Processing Cell : NAND03 ... 
// Processing Cell : NAND03 ... 
// Processing Cell : NAND03 ... 
// Processing Cell : xnor2 ... 
// Processing Cell : xnor2 ... 
// Processing Cell : nor03 ... 
// Processing Cell : nor03 ... 
// Processing Cell : INV01 ... 
// Processing Cell : INV01 ... 
// Processing Cell : INV01 ... 
// Processing Cell : INV01 ... 
// Processing Cell : INV01 ... 
// Processing Cell : INV01 ... 
// Processing Cell : INV01 ... 
// Processing Cell : INV01 ... 
// Processing Cell : xnor2 ... 
// Processing Cell : xnor2 ... 
// Processing Cell : aoi32 ... 
// Processing Cell : aoi32 ... 
// Processing Cell : aoi21 ... 
// Processing Cell : aoi21 ... 
// Processing Cell : aoi21 ... 
// Processing Cell : aoi21 ... 
// Processing Cell : aoi21 ... 
// Processing Cell : oai32 ... 
